tests/sizeof/sizeof.cpp	31	2	malloc	__uniqtype__Point	0
tests/sizeof/sizeof.cpp	32	2	malloc	__uniqtype__Point	0
tests/sizeof/sizeof.cpp	33	2	malloc	__uniqtype____uninterpreted_byte	1
tests/sizeof/sizeof.cpp	34	2	malloc	__uniqtype__Point	0
tests/sizeof/sizeof.cpp	35	2	malloc	__uniqtype__Point	1
tests/sizeof/sizeof.cpp	36	2	malloc	__uniqtype__Point	1
tests/sizeof/sizeof.cpp	37	2	malloc	__uniqtype__Point	1
tests/sizeof/sizeof.cpp	38	2	malloc	__uniqtype__Point	1
tests/sizeof/sizeof.cpp	39	2	malloc	__uniqtype__Point	1
tests/sizeof/sizeof.cpp	40	2	malloc	__uniqtype__Point	1
tests/sizeof/sizeof.cpp	41	2	malloc	__uniqtype__int$$32	0
tests/sizeof/sizeof.cpp	43	2	malloc	__uniqtype__Point	1
tests/sizeof/sizeof.cpp	45	2	malloc	__uniqtype__Point	1
tests/sizeof/sizeof.cpp	47	2	malloc	__uniqtype__Point	0
tests/sizeof/sizeof.cpp	48	2	malloc	__uniqtype__A	0
tests/sizeof/sizeof.cpp	49	2	malloc	__uniqtype__Point	0
tests/sizeof/sizeof.cpp	50	2	malloc	__uniqtype____uninterpreted_byte	1
tests/sizeof/sizeof.cpp	51	2	malloc	__uniqtype__char$$8	1
tests/sizeof/sizeof.cpp	53	11	malloc	__uniqtype__Point	1
tests/sizeof/sizeof.cpp	54	11	malloc	__uniqtype__Point	1
tests/sizeof/sizeof.cpp	55	22	malloc	__uniqtype__Point	1
tests/sizeof/sizeof.cpp	59	2	malloc	__uniqtype__Point	0
tests/sizeof/sizeof.cpp	62	2	malloc	__uniqtype____anonstruct_point_3006516372	0
tests/sizeof/sizeof.cpp	65	2	malloc	__uniqtype__Status	0
tests/sizeof/sizeof.cpp	66	2	malloc	__uniqtype__Status	0
tests/sizeof/sizeof.cpp	67	2	malloc	__uniqtype__Status	1
tests/sizeof/sizeof.cpp	72	2	malloc	__uniqtype__Light	0
tests/sizeof/sizeof.cpp	73	2	malloc	__uniqtype__Light	1
tests/sizeof/sizeof.cpp	78	2	malloc	__uniqtype__Light2	0
tests/sizeof/sizeof.cpp	79	2	malloc	__uniqtype__Light2	1
