tests/malloc/malloc.cpp	25	15	new	__uniqtype__std$3a$3avector$3cvoid$20$2a$3e	0
tests/malloc/malloc.cpp	28	2	malloc	__uniqtype__Point	0
tests/malloc/malloc.cpp	32	2	malloc	__uniqtype____uninterpreted_byte	1
tests/malloc/malloc.cpp	34	2	malloc	__uniqtype__Point	0
tests/malloc/malloc.cpp	35	2	malloc	__uniqtype____uninterpreted_byte	1
tests/malloc/malloc.cpp	36	2	malloc	__uniqtype__Point	0
tests/malloc/malloc.cpp	37	2	malloc	__uniqtype__Point	1
tests/malloc/malloc.cpp	38	2	malloc	__uniqtype__Point	1
tests/malloc/malloc.cpp	39	2	malloc	__uniqtype__Point	1
tests/malloc/malloc.cpp	40	2	malloc	__uniqtype__Point	1
tests/malloc/malloc.cpp	41	2	malloc	__uniqtype__Point	1
tests/malloc/malloc.cpp	42	2	malloc	__uniqtype__Point	1
tests/malloc/malloc.cpp	43	2	malloc	__uniqtype__int$$32	0
tests/malloc/malloc.cpp	45	2	malloc	__uniqtype__Point	1
tests/malloc/malloc.cpp	47	2	malloc	__uniqtype__Point	1
tests/malloc/malloc.cpp	49	2	malloc	__uniqtype__Point	0
tests/malloc/malloc.cpp	57	2	malloc	__uniqtype__Point	0
tests/malloc/malloc.cpp	58	2	malloc	__uniqtype__char$$8	1
tests/malloc/malloc.cpp	60	11	malloc	__uniqtype__Point	1
tests/malloc/malloc.cpp	61	11	malloc	__uniqtype__Point	1
tests/malloc/malloc.cpp	62	22	malloc	__uniqtype__Point	1
tests/malloc/malloc.cpp	67	2	malloc	__uniqtype__Point	0
tests/malloc/malloc.cpp	80	12	malloc	__uniqtype__Point	0
tests/malloc/malloc.cpp	83	12	malloc	__uniqtype____uninterpreted_byte	1
tests/malloc/malloc.cpp	87	18	new	__uniqtype__int$$32	1
tests/malloc/malloc.cpp	90	11	new	__uniqtype__std$3a$3avector$3cint$3e	0
