tests/malloc/malloc.cpp	26	13	malloc	__uniqtype__Point	0
tests/malloc/malloc.cpp	30	13	malloc	__uniqtype____uninterpreted_byte	0
tests/malloc/malloc.cpp	32	13	malloc	__uniqtype__Point	0
tests/malloc/malloc.cpp	33	13	malloc	__uniqtype__Point	0
tests/malloc/malloc.cpp	34	13	malloc	__uniqtype__Point	1
tests/malloc/malloc.cpp	35	15	malloc	__uniqtype__Point	1
tests/malloc/malloc.cpp	36	15	malloc	__uniqtype__Point	1
tests/malloc/malloc.cpp	37	15	malloc	__uniqtype__Point	1
tests/malloc/malloc.cpp	38	15	malloc	__uniqtype__Point	1
tests/malloc/malloc.cpp	39	13	malloc	__uniqtype____uninterpreted_byte	0
tests/malloc/malloc.cpp	40	14	malloc	__uniqtype__int$$32	0
tests/malloc/malloc.cpp	42	13	malloc	__uniqtype__Point	1
tests/malloc/malloc.cpp	44	13	malloc	__uniqtype__Point	1
tests/malloc/malloc.cpp	46	13	malloc	__uniqtype__Point	0
tests/malloc/malloc.cpp	54	13	malloc	__uniqtype__int$$32	0
tests/malloc/malloc.cpp	56	22	malloc	__uniqtype__Point	0
tests/malloc/malloc.cpp	57	22	malloc	__uniqtype__Point	0
tests/malloc/malloc.cpp	58	33	malloc	__uniqtype__Point	0
